{
  "": "<Definition::ConformError \n\t message: \"Did not pass test for non_empty\", \n\t json_pointer: \"/\">"
}
