{
  "": "<Definition::ConformError \n\t desciption: \"Did not pass test for email\", \n\t json_pointer: \"/\">"
}
