[0] <Definition::ConformError 
	 message: "Is of type BigDecimal instead of Float", 
	 json_pointer: "/">
[1] <Definition::ConformError 
	 message: "Did not pass test for foo", 
	 json_pointer: "/">
