[0] <Definition::ConformError 
	 desciption: "Did not pass test for foo", 
	 json_pointer: "/">
