[0] {:description=>"Did not pass test for empty", :pointer=>"/"}
