{
  "": "<Definition::ConformError \n\t desciption: \"Did not pass test for greater_then_equal\", \n\t json_pointer: \"/\">"
}
