[0] {:description=>"Non-Array value does not conform with each", :pointer=>"/"}
