[0] <Definition::ConformError 
	 desciption: "Is of type BigDecimal instead of Float", 
	 json_pointer: "/">
