[0] <Definition::ConformError 
	 message: "hash is missing key "first_name"", 
	 json_pointer: "/first_name">
[1] <Definition::ConformError 
	 message: "hash has extra key: :first_name", 
	 json_pointer: "/first_name">
