{
  "": "<Definition::ConformError \n\t message: \"Is of type NilClass instead of Float\", \n\t json_pointer: \"/\">"
}
