[0] {:description=>"Is of type String instead of Float", :pointer=>"/"}
