[0] <Definition::ConformError 
	 desciption: "Is of type String instead of Float", 
	 json_pointer: "/">
