[0] <Definition::ConformError 
	 desciption: "Did not pass test for empty", 
	 json_pointer: "/">
