{
  "": "<Definition::ConformError \n\t message: \"Did not pass test for greater_than_equal (5)\", \n\t json_pointer: \"/\">"
}
