{
  "foo": {
    "bar": [
      "<Definition::ConformError \n\t message: \"hash fails validation for key bar: { Is of type Float instead of String }\", \n\t json_pointer: \"/foo/bar\">"
    ]
  }
}
