[0] <Definition::ConformError 
	 desciption: "Item 1.0 did not conform to each: { Is of type Float instead of Integer }", 
	 json_pointer: "/2">
[1] <Definition::ConformError 
	 desciption: "Item "foo" did not conform to each: { Is of type String instead of Integer }", 
	 json_pointer: "/3">
