[0] <Definition::ConformError 
	 desciption: "Did not pass test for nil", 
	 json_pointer: "/">
