[0] {:description=>"Did not pass test for nil", :pointer=>"/"}
