[0] {:description=>"Did not pass test for email", :pointer=>"/"}
