[0] <Definition::ConformError 
	 desciption: "Did not pass test for max_size", 
	 json_pointer: "/">
