None of the definitions are valid for 'boolean': { Is of type String instead of TrueClass, Is of type String instead of FalseClass }