[0] <Definition::ConformError 
	 desciption: "hash has extra key: :unexpected_key", 
	 json_pointer: "/unexpected_key">
