val: 1 fails definition: 'lambda_test lambda?' (Definition::Types::Lambda)