[0] <Definition::ConformError 
	 desciption: "Did not pass test for less_then", 
	 json_pointer: "/">
