[0] <Definition::ConformError 
	 message: "Did not pass test for greater_then", 
	 json_pointer: "/">
