[0] {:description=>"Did not pass test for greater_then", :pointer=>"/"}
