[0] {:description=>"Did not pass test for regex", :pointer=>"/"}
