{
  "": "<Definition::ConformError \n\t message: \"Did not pass test for regex\", \n\t json_pointer: \"/\">"
}
