[0] <Definition::ConformError 
	 message: "Did not pass test for regex", 
	 json_pointer: "/">
