[0] <Definition::ConformError 
	 message: "Did not pass test for enum (blue,red,yellow)", 
	 json_pointer: "/">
