{
  "": "<Definition::ConformError \n\t desciption: \"Did not pass test for enum\", \n\t json_pointer: \"/\">"
}
