{
  "": "<Definition::ConformError \n\t message: \"Did not pass test for min_size (5)\", \n\t json_pointer: \"/\">"
}
