hash fails validation for key foobar: { hash fails validation for key name: { Not all definitions are valid for 'and': { Did not pass test for regex } }, hash fails validation for key colors: { Not all items conform with 'each': { Item "" did not conform to each: { None of the definitions are valid for 'or'. Errors for last tested definition:: { Not all definitions are valid for 'and': { Did not pass test for non_empty } } }, Item 2.0 did not conform to each: { None of the definitions are valid for 'or'. Errors for last tested definition:: { Not all definitions are valid for 'and': { Is of type Float instead of String } } } } } }, hash fails validation for key someBoolean: { None of the definitions are valid for 'or'. Errors for last tested definition:: { Is of type String instead of FalseClass } }