None of the definitions are valid for 'or'. Errors for last tested definition:: { hash is missing key :social_security_number, hash has extra key: :person }