[0] {:description=>"Did not pass test for non_empty", :pointer=>"/"}
