{
  "": "<Definition::ConformError \n\t message: \"Is of type Array instead of String\", \n\t json_pointer: \"/\">"
}
