None of the definitions are valid for 'nilable'. Errors for last tested definition:: { Is of type Float instead of String }