{
  "": "<Definition::ConformError \n\t message: \"Is of type Float instead of String\", \n\t json_pointer: \"/\">"
}
