{
  "": "<Definition::ConformError \n\t desciption: \"Non-Array value does not conform with each\", \n\t json_pointer: \"/\">"
}
