Not all items conform with 'each': { Item "a" did not conform to each: { Non-Array value does not conform with each } }