[0] <Definition::ConformError 
	 message: "Did not pass test for min_size (5)", 
	 json_pointer: "/">
